2025-11-23T14:38:36 | touched: src/lib.rs
2025-09-20T00:05:21 | touched: src/main.rs
2025-09-23T22:11:43 | touched: src/main.rs
2025-01-11T03:18:24 | touched: LICENSE
2025-09-01T22:23:39 | touched: Cargo.toml
2025-04-29T06:20:20 | touched: src/main.rs
2025-07-13T23:30:24 | touched: src/lib.rs
2025-02-06T14:49:43 | touched: src/main.rs
2025-10-17T10:38:04 | touched: Cargo.toml
2025-04-14T22:37:22 | touched: Cargo.toml
2025-05-06T08:08:40 | touched: Cargo.toml
2025-02-27T18:15:55 | touched: Cargo.toml
2025-08-23T14:15:00 | touched: LICENSE
2025-08-06T04:19:44 | touched: src/main.rs
2025-03-10T05:11:17 | touched: LICENSE
2025-08-13T19:17:27 | touched: LICENSE
2025-12-20T07:35:21 | touched: README.md
2025-12-05T20:32:30 | touched: Cargo.toml
2025-04-28T06:27:01 | touched: Cargo.toml
2025-05-23T12:14:04 | touched: README.md
2025-12-13T21:26:51 | touched: Cargo.toml
2025-05-11T20:07:22 | touched: README.md
2025-12-11T03:17:26 | touched: src/lib.rs
2025-04-03T15:13:05 | touched: src/lib.rs
2025-07-20T18:24:45 | touched: src/main.rs
2025-01-21T19:16:00 | touched: src/lib.rs
2025-06-19T21:16:52 | touched: src/main.rs
2025-06-01T20:29:43 | touched: src/main.rs
2025-05-17T05:39:43 | touched: LICENSE
2025-05-07T03:56:05 | touched: src/main.rs
2025-08-27T21:34:13 | touched: LICENSE
2025-11-12T07:59:13 | touched: src/lib.rs
2025-09-19T14:42:06 | touched: Cargo.toml
2025-08-06T10:36:30 | touched: README.md
2025-12-13T16:39:40 | touched: README.md
2025-04-17T03:11:06 | touched: LICENSE
2025-10-07T00:27:00 | touched: Cargo.toml
2025-09-27T01:48:07 | touched: Cargo.toml
2025-06-09T04:44:08 | touched: src/lib.rs
2025-04-25T01:01:16 | touched: LICENSE
2025-04-08T08:03:53 | touched: src/lib.rs
2025-10-14T05:06:02 | touched: LICENSE
2025-03-04T19:57:15 | touched: src/main.rs
2025-06-30T09:43:56 | touched: Cargo.toml
2025-03-06T08:46:06 | touched: Cargo.toml
2025-11-03T00:50:24 | touched: src/lib.rs
2025-12-07T02:55:23 | touched: Cargo.toml
2025-07-23T06:32:24 | touched: Cargo.toml
2025-06-13T21:31:59 | touched: src/main.rs
2026-01-04T14:32:51 | touched: src/lib.rs
2025-10-15T05:21:57 | touched: LICENSE
2025-04-12T07:58:08 | touched: src/main.rs
2026-01-05T02:14:13 | touched: README.md
2025-08-03T23:19:50 | touched: LICENSE
2026-01-22T10:40:14 | touched: Cargo.toml
2026-01-09T20:37:35 | touched: README.md
2025-01-20T18:58:07 | touched: README.md
2026-01-15T19:59:40 | touched: src/main.rs
2026-01-14T15:39:29 | touched: LICENSE
2025-04-12T00:03:56 | touched: LICENSE
2025-12-07T21:25:32 | touched: src/main.rs
2026-01-08T13:04:08 | touched: src/lib.rs
2025-03-28T01:14:17 | touched: LICENSE
2026-01-22T09:03:35 | touched: src/main.rs
2026-01-19T22:50:32 | touched: src/main.rs
2025-08-28T10:14:25 | touched: src/main.rs
2026-01-13T11:29:15 | touched: src/lib.rs
2025-03-05T15:28:00 | touched: README.md
2025-10-25T06:32:20 | touched: Cargo.toml
2026-01-18T02:47:04 | touched: Cargo.toml
2026-01-15T17:52:06 | touched: src/lib.rs
